[{"stream_name":"stderr","time":8.287100868,"data":"0.00s - Debugger warning: It seems that frozen modules are being used, which may\n"}
,{"stream_name":"stderr","time":8.287165688,"data":"0.00s - make the debugger miss breakpoints. Please pass -Xfrozen_modules=off\n"}
,{"stream_name":"stderr","time":8.287169708,"data":"0.00s - to python to disable frozen modules.\n"}
,{"stream_name":"stderr","time":8.287172159,"data":"0.00s - Note: Debugging will proceed. Set PYDEVD_DISABLE_FILE_VALIDATION=1 to disable this validation.\n"}
,{"stream_name":"stderr","time":8.916394828,"data":"0.00s - Debugger warning: It seems that frozen modules are being used, which may\n"}
,{"stream_name":"stderr","time":8.916436057,"data":"0.00s - make the debugger miss breakpoints. Please pass -Xfrozen_modules=off\n"}
,{"stream_name":"stderr","time":8.916441148,"data":"0.00s - to python to disable frozen modules.\n"}
,{"stream_name":"stderr","time":8.916444468,"data":"0.00s - Note: Debugging will proceed. Set PYDEVD_DISABLE_FILE_VALIDATION=1 to disable this validation.\n"}
,{"stream_name":"stdout","time":10.059127136,"data":"Source mounted at: /kaggle/input/datasets/holamigohello/kagglepipe-inspect-src\n"}
,{"stream_name":"stdout","time":10.068897316,"data":"Output dir: /kaggle/working/features\n"}
,{"stream_name":"stdout","time":10.137346609,"data":"Data mounted at: /kaggle/input/datasets/holamigohello/sample-data\n"}
,{"stream_name":"stdout","time":10.188589244,"data":"Traceback (most recent call last):\r\n"}
,{"stream_name":"stdout","time":10.188628044,"data":"  File \"/kaggle/input/datasets/holamigohello/kagglepipe-inspect-src/scripts/inspect.py\", line 49, in \u003cmodule\u003e\r\n"}
,{"stream_name":"stdout","time":10.188633524,"data":"    raise SystemExit(main())\r\n"}
,{"stream_name":"stdout","time":10.188636874,"data":"                     ^^^^^^\r\n"}
,{"stream_name":"stdout","time":10.188640304,"data":"  File \"/kaggle/input/datasets/holamigohello/kagglepipe-inspect-src/scripts/inspect.py\", line 14, in main\r\n"}
,{"stream_name":"stdout","time":10.188644604,"data":"    out_dir.mkdir(parents=True, exist_ok=True)\r\n"}
,{"stream_name":"stdout","time":10.188648214,"data":"  File \"/usr/lib/python3.12/pathlib.py\", line 1311, in mkdir\r\n"}
,{"stream_name":"stdout","time":10.188652054,"data":"    os.mkdir(self, mode)\r\n"}
,{"stream_name":"stdout","time":10.188655334,"data":"OSError: [Errno 30] Read-only file system: '{out_dir}'\r\n"}
,{"stream_name":"stdout","time":10.306042003,"data":"Files in out_dir:\n"}
,{"stream_name":"stderr","time":12.992375743,"data":"/usr/local/lib/python3.12/dist-packages/mistune.py:435: SyntaxWarning: invalid escape sequence '\\|'\n"}
,{"stream_name":"stderr","time":12.992419333,"data":"  cells[i][c] = re.sub('\\\\\\\\\\|', '|', cell)\n"}
,{"stream_name":"stderr","time":13.172930956,"data":"/usr/local/lib/python3.12/dist-packages/nbconvert/filters/filter_links.py:36: SyntaxWarning: invalid escape sequence '\\_'\n"}
,{"stream_name":"stderr","time":13.172966096,"data":"  text = re.sub(r'_', '\\_', text) # Escape underscores in display text\n"}
,{"stream_name":"stderr","time":13.806931274,"data":"[NbConvertApp] Converting notebook __notebook__.ipynb to notebook\n"}
,{"stream_name":"stderr","time":14.070066769,"data":"[NbConvertApp] Writing 6239 bytes to __notebook__.ipynb\n"}
,{"stream_name":"stderr","time":16.517678912,"data":"[NbConvertApp] Converting notebook __notebook__.ipynb to html\n"}
,{"stream_name":"stderr","time":17.279367649,"data":"[NbConvertApp] Writing 279996 bytes to __results__.html\n"}
]